The programs included with the Debian GNU/Linux system are free software;
the exact distribution terms for each program are described in the
individual files in /usr/share/doc/*/copyright.

Debian GNU/Linux comes with ABSOLUTELY NO WARRANTY, to the extent
permitted by applicable law.
 ─────────────────────────────────────────────────────
 DietPi v9.14.2 (repkapi3-armbian) : 08:49 - Mon 07/21/25
 ─────────────────────────────────────────────────────
 - LAN IP : 192.168.xx.xx (eth0)

 DietPi-Update
─────────────────────────────────────────────────────
 Phase: Checking for available DietPi update

[  OK  ] DietPi-Update | Checking IPv4 network connectivity
[  OK  ] DietPi-Update | Checking DNS resolver
[  OK  ] DietPi-TimeSync | systemctl stop systemd-timesyncd
[  OK  ] DietPi-TimeSync | mkdir -p /run/systemd/timesync
[ INFO ] DietPi-Update | Getting latest version from: https://raw.githubusercont                                                                                                                                                      ent.com/non3via/DietPi/repkapi3-armbian/.update/version
[  OK  ] DietPi-Update | Got valid latest version: 9.14.2
[  OK  ] DietPi-Update | eval echo 1 > /boot/dietpi/.install_stage
[  OK  ] DietPi-Update | No update required, your DietPi installation is already                                                                                                                                                       up to date:
[ INFO ] DietPi-Update | Current version : v9.14.2
[ INFO ] DietPi-Update | Latest version  : v9.14.2
[ INFO ] DietPi-Update | Checking for new available live patches
[ INFO ] DietPi-Update | APT update, please wait...
Get:1 https://deb.debian.org/debian bookworm InRelease [151 kB]
Get:2 https://dietpi.com/apt bookworm InRelease [3530 B]
Get:4 https://deb.debian.org/debian bookworm-updates InRelease [55.4 kB]
Get:5 https://deb.debian.org/debian-security bookworm-security InRelease [48.0 k                                                                                                                                                      B]
Get:6 https://deb.debian.org/debian bookworm-backports InRelease [59.4 kB]
Get:7 https://dietpi.com/apt bookworm/main arm64 Packages [3004 B]
Get:3 https://stpete-mirror.armbian.com/apt bookworm InRelease [54.1 kB]
Get:8 https://deb.debian.org/debian bookworm/main arm64 Packages [8693 kB]
Get:9 https://deb.debian.org/debian bookworm/non-free-firmware arm64 Packages [5832 B]
Get:10 https://deb.debian.org/debian bookworm/contrib arm64 Packages [45.7 kB]
Get:11 https://deb.debian.org/debian bookworm/non-free arm64 Packages [75.8 kB]
Get:12 https://deb.debian.org/debian bookworm-updates/main arm64 Packages [756 B]
Get:13 https://deb.debian.org/debian-security bookworm-security/main arm64 Packages [268 kB]
Get:14 https://deb.debian.org/debian-security bookworm-security/contrib arm64 Packages [508 B]
Get:15 https://deb.debian.org/debian bookworm-backports/main arm64 Packages [300 kB]
Get:16 https://deb.debian.org/debian bookworm-backports/non-free arm64 Packages [12.6 kB]
Get:17 https://deb.debian.org/debian bookworm-backports/contrib arm64 Packages [5176 B]
Get:18 https://deb.debian.org/debian bookworm-backports/non-free-firmware arm64 Packages [3832 B]
Get:19 https://stpete-mirror.armbian.com/apt bookworm/main arm64 Packages [1651 kB]
Get:20 https://stpete-mirror.armbian.com/apt bookworm/main all Packages [19.7 kB]
Fetched 11.5 MB in 23s (489 kB/s)
Reading package lists...
[  OK  ] DietPi-Update | APT update
[ INFO ] DietPi-Update | Storing number of available APT upgrades to file: /run/dietpi/.apt_updates
 ─────────────────────────────────────────────────────
 DietPi v9.14.2 (repkapi3-armbian) : 3 APT updates available
 ─────────────────────────────────────────────────────
 - LAN IP : 192.168.xx.xx (eth0)
[  OK  ] DietPi-Software | Initialised database

 DietPi-Software
─────────────────────────────────────────────────────
 Step: Applying initial first run setup steps

[  OK  ] DietPi-Software | Checking IPv4 network connectivity
[  OK  ] DietPi-Software | Checking DNS resolver
[ INFO ] DietPi-Software | APT update, please wait...
Hit:1 https://deb.debian.org/debian bookworm InRelease
Hit:2 https://dietpi.com/apt bookworm InRelease
Hit:3 https://deb.debian.org/debian bookworm-updates InRelease
Hit:4 https://deb.debian.org/debian-security bookworm-security InRelease
Hit:5 https://deb.debian.org/debian bookworm-backports InRelease
Hit:6 https://stpete-mirror.armbian.com/apt bookworm InRelease
Reading package lists...
[  OK  ] DietPi-Software | APT update
[ INFO ] DietPi-Software | APT dist-upgrade, please wait...
Reading package lists...
Building dependency tree...
Reading state information...
Calculating upgrade...
The following packages have been kept back:
  armbian-firmware linux-dtb-legacy-sunxi64 linux-image-legacy-sunxi64
0 upgraded, 0 newly installed, 0 to remove and 3 not upgraded.
[  OK  ] DietPi-Software | APT dist-upgrade
[ INFO ] DietPi-Software | APT autopurge, please wait...
Reading package lists...
Building dependency tree...
Reading state information...
0 upgraded, 0 newly installed, 0 to remove and 3 not upgraded.
[  OK  ] DietPi-Software | APT autopurge
[  OK  ] DietPi-Software | eval > /boot/dietpi/.skip_distro_upgrade
[ SUB1 ] DietPi-Set_software > password (users)
[  OK  ] password users | Completed
[ SUB1 ] DietPi-Set_software > password (software)
[  OK  ] DietPi-Set_software | mkdir -p /var/lib/dietpi/dietpi-software
[  OK  ] DietPi-Set_software | chmod 0600 /var/lib/dietpi/dietpi-software/.GLOBAL_PW.bin
[  OK  ] DietPi-Set_software | chown 0:0 /var/lib/dietpi/dietpi-software/.GLOBAL_PW.bin
[  OK  ] DietPi-Set_software | sed --follow-symlinks -i /^[[:blank:]]*AUTO_SETUP_GLOBAL_PASSWORD=/c\#AUTO_SETUP_GLOBAL_PASSWORD= # Password has been encrypted and saved to rootfs /boot/dietpi.txt
[  OK  ] password software | Completed
[  OK  ] DietPi-Software | mount -o remount /var/log
[ SUB1 ] DietPi-Set_software > ntpd-mode
[ INFO ] DietPi-Set_software | Checking for required APT packages: systemd-timesyncd
[  OK  ] DietPi-Set_software | systemctl unmask systemd-timesyncd
[  OK  ] DietPi-Set_software | systemctl enable systemd-timesyncd
[  OK  ] DietPi-Set_software | systemctl stop systemd-timesyncd
[  OK  ] DietPi-Set_software | Desired setting in /boot/dietpi.txt was already set: CONFIG_NTP_MODE=2
[  OK  ] ntpd-mode 2 | Completed
[  OK  ] DietPi-Software | Added setting INDEX_LOGGING=-1 to end of file /boot/dietpi/.installed
[  OK  ] DietPi-Software | Applied initial first run setup steps
[ INFO ] DietPi-LED_control | Applying trigger none to LED rbs:red:status
[  OK  ] DietPi-LED_control | touch /etc/udev/rules.d/dietpi-led_control.rules
[  OK  ] DietPi-LED_control | Added setting SUBSYSTEM=="leds", KERNEL=="rbs:red:status", ACTION=="add", ATTR{trigger}="none" to end of file /etc/udev/rules.d/dietpi-led_control.rules
[ INFO ] DietPi-LED_control | Applying trigger none to LED rbs:red:status
[  OK  ] DietPi-LED_control | Desired setting in /etc/udev/rules.d/dietpi-led_control.rules was already set: SUBSYSTEM=="leds", KERNEL=="rbs:red:status", ACTION=="add", ATTR{trigger}="none"
[  OK  ] DietPi-Software | DietPi-Userdata validation: /mnt/dietpi_userdata

 DietPi-Software
─────────────────────────────────────────────────────
 Step: Checking for conflicts and missing inputs


 DietPi-Software
─────────────────────────────────────────────────────
 Step: Checking for prerequisite software

[ INFO ] DietPi-Software | OpenSSH Client will be installed
[  OK  ] DietPi-Software | Checking IPv4 network connectivity
[  OK  ] DietPi-Software | Checking DNS resolver
[  OK  ] DietPi-Software | mkdir -p /mnt/dietpi_userdata/Music /mnt/dietpi_userdata/Pictures /mnt/dietpi_userdata/Video /mnt/dietpi_userdata/downloads /var/www /opt /usr/local/bin
[  OK  ] DietPi-Software | chown dietpi:dietpi /mnt/dietpi_userdata/Music /mnt/dietpi_userdata/Pictures /mnt/dietpi_userdata/Video /mnt/dietpi_userdata/downloads
[  OK  ] DietPi-Software | chmod 0775 /mnt/dietpi_userdata/Music /mnt/dietpi_userdata/Pictures /mnt/dietpi_userdata/Video /mnt/dietpi_userdata/downloads
[ SUB1 ] DietPi-Services > stop
[  OK  ] DietPi-Services | stop : cron

 DietPi-Software
─────────────────────────────────────────────────────
 Step: Installing OpenSSH Client: Feature-rich SSH, SFTP and SCP client

[ INFO ] DietPi-Software | APT install openssh-client, please wait...
Reading package lists...
Building dependency tree...
Reading state information...
The following additional packages will be installed:
  libcbor0.8 libedit2 libfido2-1
Suggested packages:
  keychain libpam-ssh monkeysphere ssh-askpass
Recommended packages:
  xauth
The following NEW packages will be installed:
  libcbor0.8 libedit2 libfido2-1 openssh-client
0 upgraded, 4 newly installed, 0 to remove and 3 not upgraded.
Need to get 1123 kB of archives.
After this operation, 7229 kB of additional disk space will be used.
Get:1 https://deb.debian.org/debian bookworm/main arm64 libedit2 arm64 3.1-20221030-2 [88.1 kB]
Get:2 https://deb.debian.org/debian bookworm/main arm64 libcbor0.8 arm64 0.8.0-2+b1 [26.0 kB]
Get:3 https://deb.debian.org/debian bookworm/main arm64 libfido2-1 arm64 1.12.0-2+b1 [72.6 kB]
Get:4 https://deb.debian.org/debian bookworm/main arm64 openssh-client arm64 1:9.2p1-2+deb12u6 [937 kB]
debconf: delaying package configuration, since apt-utils is not installed
Fetched 1123 kB in 1s (890 kB/s)
                                Selecting previously unselected package libedit2:arm64.
(Reading database ... 16934 files and directories currently installed.)
Preparing to unpack .../libedit2_3.1-20221030-2_arm64.deb ...
Unpacking libedit2:arm64 (3.1-20221030-2) ...
Selecting previously unselected package libcbor0.8:arm64.
Preparing to unpack .../libcbor0.8_0.8.0-2+b1_arm64.deb ...
Unpacking libcbor0.8:arm64 (0.8.0-2+b1) ...
Selecting previously unselected package libfido2-1:arm64.
Preparing to unpack .../libfido2-1_1.12.0-2+b1_arm64.deb ...
Unpacking libfido2-1:arm64 (1.12.0-2+b1) ...
Selecting previously unselected package openssh-client.
Preparing to unpack .../openssh-client_1%3a9.2p1-2+deb12u6_arm64.deb ...
Unpacking openssh-client (1:9.2p1-2+deb12u6) ...
Setting up libcbor0.8:arm64 (0.8.0-2+b1) ...
Setting up libedit2:arm64 (3.1-20221030-2) ...
Setting up libfido2-1:arm64 (1.12.0-2+b1) ...
Setting up openssh-client (1:9.2p1-2+deb12u6) ...
Processing triggers for libc-bin (2.36-9+deb12u10) ...
[  OK  ] DietPi-Software | APT install openssh-client

 DietPi-Software
─────────────────────────────────────────────────────
 Step: Installing OpenSSH Server: Feature-rich SSH server with SFTP and SCP support

[  OK  ] DietPi-Software | systemctl stop dropbear
[ INFO ] DietPi-Software | APT install openssh-server, please wait...
Reading package lists...
Building dependency tree...
Reading state information...
The following additional packages will be installed:
  libnsl2 libwrap0 openssh-sftp-server runit-helper ucf
Suggested packages:
  molly-guard monkeysphere ssh-askpass ufw
Recommended packages:
  default-logind | logind | libpam-systemd ncurses-term xauth
The following NEW packages will be installed:
  libnsl2 libwrap0 openssh-server openssh-sftp-server runit-helper ucf
0 upgraded, 6 newly installed, 0 to remove and 3 not upgraded.
Need to get 627 kB of archives.
After this operation, 2799 kB of additional disk space will be used.
Get:1 https://deb.debian.org/debian bookworm/main arm64 openssh-sftp-server arm64 1:9.2p1-2+deb12u6 [60.7 kB]
Get:2 https://deb.debian.org/debian bookworm/main arm64 ucf all 3.0043+nmu1+deb12u1 [55.3 kB]
Get:3 https://deb.debian.org/debian bookworm/main arm64 runit-helper all 2.15.2 [6520 B]
Get:4 https://deb.debian.org/debian bookworm/main arm64 libnsl2 arm64 1.3.0-2 [36.9 kB]
Get:5 https://deb.debian.org/debian bookworm/main arm64 libwrap0 arm64 7.6.q-32 [54.7 kB]
Get:6 https://deb.debian.org/debian bookworm/main arm64 openssh-server arm64 1:9.2p1-2+deb12u6 [413 kB]
debconf: delaying package configuration, since apt-utils is not installed
Fetched 627 kB in 1s (589 kB/s)
                               Selecting previously unselected package openssh-sftp-server.
(Reading database ... 17005 files and directories currently installed.)
Preparing to unpack .../0-openssh-sftp-server_1%3a9.2p1-2+deb12u6_arm64.deb ...
Unpacking openssh-sftp-server (1:9.2p1-2+deb12u6) ...
Selecting previously unselected package ucf.
Preparing to unpack .../1-ucf_3.0043+nmu1+deb12u1_all.deb ...
Moving old data out of the way
Unpacking ucf (3.0043+nmu1+deb12u1) ...
Selecting previously unselected package runit-helper.
Preparing to unpack .../2-runit-helper_2.15.2_all.deb ...
Unpacking runit-helper (2.15.2) ...
Selecting previously unselected package libnsl2:arm64.
Preparing to unpack .../3-libnsl2_1.3.0-2_arm64.deb ...
Unpacking libnsl2:arm64 (1.3.0-2) ...
Selecting previously unselected package libwrap0:arm64.
Preparing to unpack .../4-libwrap0_7.6.q-32_arm64.deb ...
Unpacking libwrap0:arm64 (7.6.q-32) ...
Selecting previously unselected package openssh-server.
Preparing to unpack .../5-openssh-server_1%3a9.2p1-2+deb12u6_arm64.deb ...
Unpacking openssh-server (1:9.2p1-2+deb12u6) ...
Setting up runit-helper (2.15.2) ...
Setting up openssh-sftp-server (1:9.2p1-2+deb12u6) ...
Setting up ucf (3.0043+nmu1+deb12u1) ...
Setting up libnsl2:arm64 (1.3.0-2) ...
Setting up libwrap0:arm64 (7.6.q-32) ...
Setting up openssh-server (1:9.2p1-2+deb12u6) ...

Creating config file /etc/ssh/sshd_config with new version
Creating SSH2 RSA key; this may take some time ...
3072 SHA256:7hfXC4PtLH4bqojh89b8flHWt7hZVH0sL87o0WOP6ww root@DietPi (RSA)
Creating SSH2 ECDSA key; this may take some time ...
256 SHA256:V+AdMVvoRwTV+YNdOgFzh/671P3iLCW59p+emlQHsbg root@DietPi (ECDSA)
Creating SSH2 ED25519 key; this may take some time ...
256 SHA256:J82xDOeQnpf8UfbMp9hx4ixD7OmLDlBon9Vb7EnPmr4 root@DietPi (ED25519)
Created symlink /etc/systemd/system/sshd.service → /lib/systemd/system/ssh.service.
Created symlink /etc/systemd/system/multi-user.target.wants/ssh.service → /lib/systemd/system/ssh.service.
rescue-ssh.target is a disabled or a static unit, not starting it.
ssh.socket is a disabled or a static unit, not starting it.
Processing triggers for libc-bin (2.36-9+deb12u10) ...
[  OK  ] DietPi-Software | APT install openssh-server
[  OK  ] DietPi-Software | systemctl unmask ssh
[  OK  ] DietPi-Software | systemctl start ssh
[ SUB1 ] DietPi-Set_software > disable_ssh_password_logins
[  OK  ] DietPi-Set_software | Desired setting in /etc/default/dropbear was already set: DROPBEAR_EXTRA_ARGS=""
[  OK  ] DietPi-Set_software | Added setting PasswordAuthentication yes to end of file /etc/ssh/sshd_config.d/dietpi.conf
[  OK  ] DietPi-Set_software | Added setting PermitRootLogin yes to end of file /etc/ssh/sshd_config.d/dietpi.conf
[  OK  ] DietPi-Set_software | systemctl restart ssh
[  OK  ] DietPi-Set_software | Desired setting in /boot/dietpi.txt was already set: SOFTWARE_DISABLE_SSH_PASSWORD_LOGINS=0
[  OK  ] disable_ssh_password_logins 0 | Completed

 DietPi-Software
─────────────────────────────────────────────────────
 Step: Uninstalling Dropbear: Lightweight SSH server

[ INFO ] DietPi-Software | APT purge dropbear*, please wait...
Reading package lists...
Building dependency tree...
Reading state information...
The following packages will be REMOVED:
  dropbear* dropbear-bin* libtomcrypt1* libtommath1*
0 upgraded, 0 newly installed, 4 to remove and 3 not upgraded.
                                                              After this operation, 1982 kB disk space will be freed.
(Reading database ... 17122 files and directories currently installed.)                                              (Reading database ...
Removing dropbear (2022.83-1+deb12u2) ...
Removing dropbear-bin (2022.83-1+deb12u2) ...
Removing libtomcrypt1:arm64 (1.18.2-6) ...
Removing libtommath1:arm64 (1.2.0-6+deb12u1) ...
Processing triggers for libc-bin (2.36-9+deb12u10) ...
(Reading database ... 17084 files and directories currently installed.)
Purging configuration files for dropbear (2022.83-1+deb12u2) ...
[  OK  ] DietPi-Software | APT purge dropbear*

 DietPi-Software
─────────────────────────────────────────────────────
 Step: Finalising uninstall

[ INFO ] DietPi-Software | APT autopurge, please wait...
Reading package lists...
Building dependency tree...
Reading state information...
0 upgraded, 0 newly installed, 0 to remove and 3 not upgraded.
[  OK  ] DietPi-Software | APT autopurge
[  OK  ] DietPi-Software | systemctl daemon-reload

 DietPi-Software
─────────────────────────────────────────────────────
 Step: Uninstall completed


 DietPi-Software
─────────────────────────────────────────────────────
 Step: Finalising install

[ INFO ] DietPi-Software | Enabling installed services
[  OK  ] DietPi-Software | systemctl --no-reload enable ssh
[  OK  ] DietPi-Software | systemctl daemon-reload
2025-07-21 08:58:11 [ INFO ] DietPi-RAMlog | Storing /var/log to /var/tmp/dietpi/logs/dietpi-ramlog_store...
2025-07-21 08:58:11 [  OK  ] DietPi-RAMlog | Stored /var/log to /var/tmp/dietpi/logs/dietpi-ramlog_store.

 DietPi-Software
─────────────────────────────────────────────────────
 Step: Applying final first run setup steps

[  OK  ] DietPi-AutoStart | systemctl daemon-reload
[  OK  ] DietPi-Software | systemctl enable cron
[  OK  ] DietPi-Software | eval echo 2 > /boot/dietpi/.install_stage
[  OK  ] DietPi-Software | rm /boot/dietpi/.skip_distro_upgrade
[  OK  ] DietPi-Software | Applied final first run setup steps

 DietPi-Software
─────────────────────────────────────────────────────
 Step: Install completed

[  OK  ] DietPi-Survey | Setting in /boot/dietpi.txt adjusted: SURVEY_OPTED_IN=0
[  OK  ] DietPi-Survey | Purging survey data
[ SUB1 ] DietPi-Services > restart
[  OK  ] DietPi-Services | restart : cron
 ─────────────────────────────────────────────────────
 DietPi v9.14.2 (repkapi3-armbian) : 08:58 - Mon 07/21/25
 ─────────────────────────────────────────────────────
 - Device model : Repka Pi 3 Allwinner H5 (aarch64)
 - CPU temp : 40 °C / 104 °F : Optimal temperature
 - LAN IP : 192.168.xx.xx (eth0)
 - MOTD : DietPi v9.14 has been released. Check out all changes:
          https://dietpi.com/docs/releases/v9_14/
 ─────────────────────────────────────────────────────

 DietPi Team     : https://github.com/MichaIng/DietPi#the-dietpi-project-team
 Image by        : non3via (pre-image: Armbian for Repka Pi 3)
 Patreon Legends : Chris Gelatt, ADSB.im
 Website         : https://dietpi.com/ | https://x.com/DietPi_ | Bsky: @dietpi.com
 Contribute      : https://dietpi.com/contribute.html
 Web Hosting by  : https://login-online.com/

 dietpi-launcher : All the DietPi programs in one place
 dietpi-config   : Feature rich configuration tool for your device
 dietpi-software : Select optimised software for installation
 htop            : Resource monitor
 cpu             : Shows CPU information and stats
